// Jest Snapshot v1, https://goo.gl/fbAQLP

exports[`render TodoList Empty 1`] = `
<div>
  <div
    class="default-message"
  >
     No hay elementos 
  </div>
</div>
`;

exports[`render TodoList with items 1`] = `
<div>
  <ul
    class="MuiList-root MuiList-padding css-h4y409-MuiList-root"
  >
    <li
      class="MuiListItem-root MuiListItem-gutters css-1nxmd3h-MuiListItem-root"
    >
      <div
        class="MuiListItemButton-root MuiListItemButton-gutters MuiButtonBase-root css-16ac5r2-MuiButtonBase-root-MuiListItemButton-root"
        role="button"
        tabindex="0"
      >
        <div
          class="MuiListItemText-root css-tlelie-MuiListItemText-root"
        >
          <span
            class="MuiTypography-root MuiTypography-body1 MuiListItemText-primary css-10hburv-MuiTypography-root"
          >
            item1
          </span>
        </div>
        <span
          class="MuiTouchRipple-root css-8je8zh-MuiTouchRipple-root"
        />
      </div>
    </li>
    <li
      class="MuiListItem-root MuiListItem-gutters css-1nxmd3h-MuiListItem-root"
    >
      <div
        class="MuiListItemButton-root MuiListItemButton-gutters MuiButtonBase-root css-16ac5r2-MuiButtonBase-root-MuiListItemButton-root"
        role="button"
        tabindex="0"
      >
        <div
          class="MuiListItemText-root css-tlelie-MuiListItemText-root"
        >
          <span
            class="MuiTypography-root MuiTypography-body1 MuiListItemText-primary css-10hburv-MuiTypography-root"
          >
            item2
          </span>
        </div>
        <span
          class="MuiTouchRipple-root css-8je8zh-MuiTouchRipple-root"
        />
      </div>
    </li>
    <li
      class="MuiListItem-root MuiListItem-gutters css-1nxmd3h-MuiListItem-root"
    >
      <div
        class="MuiListItemButton-root MuiListItemButton-gutters MuiButtonBase-root css-16ac5r2-MuiButtonBase-root-MuiListItemButton-root"
        role="button"
        tabindex="0"
      >
        <div
          class="MuiListItemText-root css-tlelie-MuiListItemText-root"
        >
          <span
            class="MuiTypography-root MuiTypography-body1 MuiListItemText-primary css-10hburv-MuiTypography-root"
          >
            item3
          </span>
        </div>
        <span
          class="MuiTouchRipple-root css-8je8zh-MuiTouchRipple-root"
        />
      </div>
    </li>
  </ul>
</div>
`;
